// Jest Snapshot v1, https://goo.gl/fbAQLP

exports[`PurchaseItemReview renders correctly in Snapshot 1`] = `
<RNCSafeAreaProvider
  onInsetsChange={[Function]}
  style={
    Array [
      Object {
        "flex": 1,
      },
      undefined,
    ]
  }
>
  <RNSScreenStack
    style={
      Object {
        "flex": 1,
      }
    }
  >
    <RNSScreen
      collapsable={false}
      forwardedRef={[Function]}
      gestureResponseDistance={
        Object {
          "bottom": -1,
          "end": -1,
          "start": -1,
          "top": -1,
        }
      }
      onAppear={[Function]}
      onDisappear={[Function]}
      onDismissed={[Function]}
      onTransitionProgress={[Function]}
      onWillDisappear={[Function]}
      replaceAnimation="push"
      stackPresentation="push"
      style={
        Object {
          "bottom": 0,
          "left": 0,
          "position": "absolute",
          "right": 0,
          "top": 0,
        }
      }
      swipeDirection="horizontal"
    >
      <RNSScreenStackHeaderConfig
        backButtonInCustomView={false}
        backgroundColor="rgb(255, 255, 255)"
        color="rgb(0, 122, 255)"
        direction="ltr"
        disableBackButtonMenu={false}
        hidden={false}
        hideBackButton={false}
        hideShadow={true}
        largeTitleHideShadow={false}
        title="default"
        titleColor="rgb(28, 28, 30)"
        topInsetEnabled={false}
        translucent={false}
      />
      <View
        style={
          Array [
            Object {
              "flex": 1,
            },
            Object {
              "backgroundColor": "rgb(242, 242, 242)",
            },
            Object {
              "backgroundColor": "#ffffff",
            },
          ]
        }
      >
        <RCTSafeAreaView
          emulateUnlessSupported={true}
          style={
            Array [
              Object {
                "backgroundColor": "#ffffff",
                "flex": 1,
              },
            ]
          }
        >
          <RCTScrollView
            contentContainerStyle={
              Object {
                "paddingHorizontal": 16,
                "paddingTop": 16,
              }
            }
            style={
              Array [
                Object {},
              ]
            }
          >
            <View>
              <View
                onLayout={[Function]}
                style={
                  Object {
                    "paddingBottom": 0,
                  }
                }
              >
                <View
                  style={
                    Array [
                      Object {
                        "alignContent": "center",
                        "alignItems": "center",
                        "flexDirection": "row",
                      },
                    ]
                  }
                >
                  <Text
                    allowFontScaling={false}
                    selectable={false}
                    selectionColor="#E6E6E6"
                    style={
                      Array [
                        Object {
                          "color": "#979797",
                          "fontSize": 32,
                        },
                        undefined,
                        Object {
                          "fontFamily": "Material Icons",
                          "fontStyle": "normal",
                          "fontWeight": "normal",
                        },
                        Object {},
                      ]
                    }
                  >
                    
                  </Text>
                  <Text
                    style={
                      Array [
                        Object {
                          "color": "#000000",
                          "fontFamily": "Roboto-Medium",
                          "fontSize": 12,
                          "fontWeight": "500",
                          "letterSpacing": 0.8,
                        },
                        Object {
                          "marginLeft": 8,
                        },
                      ]
                    }
                  >
                    
                  </Text>
                </View>
                <View
                  style={
                    Array [
                      Object {
                        "marginBottom": 16,
                        "marginRight": 16,
                      },
                    ]
                  }
                >
                  <View
                    style={
                      Object {
                        "flexDirection": "row",
                        "justifyContent": "space-between",
                        "marginTop": 8,
                      }
                    }
                  >
                    <View
                      accessibilityState={
                        Object {
                          "disabled": false,
                        }
                      }
                      accessible={true}
                      collapsable={false}
                      focusable={true}
                      onClick={[Function]}
                      onResponderGrant={[Function]}
                      onResponderMove={[Function]}
                      onResponderRelease={[Function]}
                      onResponderTerminate={[Function]}
                      onResponderTerminationRequest={[Function]}
                      onStartShouldSetResponder={[Function]}
                      style={
                        Object {
                          "opacity": 1,
                        }
                      }
                    >
                      <Text
                        allowFontScaling={false}
                        selectable={false}
                        style={
                          Array [
                            Object {
                              "color": "#FF9016",
                              "fontSize": 32,
                            },
                            Object {
                              "marginLeft": 8,
                            },
                            Object {
                              "fontFamily": "Material Icons",
                              "fontStyle": "normal",
                              "fontWeight": "normal",
                            },
                            Object {},
                          ]
                        }
                      >
                        
                      </Text>
                    </View>
                    <View
                      accessibilityState={
                        Object {
                          "disabled": false,
                        }
                      }
                      accessible={true}
                      collapsable={false}
                      focusable={true}
                      onClick={[Function]}
                      onResponderGrant={[Function]}
                      onResponderMove={[Function]}
                      onResponderRelease={[Function]}
                      onResponderTerminate={[Function]}
                      onResponderTerminationRequest={[Function]}
                      onStartShouldSetResponder={[Function]}
                      style={
                        Object {
                          "opacity": 1,
                        }
                      }
                    >
                      <Text
                        allowFontScaling={false}
                        selectable={false}
                        style={
                          Array [
                            Object {
                              "color": "#E6E6E6",
                              "fontSize": 32,
                            },
                            Object {
                              "marginLeft": 8,
                            },
                            Object {
                              "fontFamily": "Material Icons",
                              "fontStyle": "normal",
                              "fontWeight": "normal",
                            },
                            Object {},
                          ]
                        }
                      >
                        
                      </Text>
                    </View>
                    <View
                      accessibilityState={
                        Object {
                          "disabled": false,
                        }
                      }
                      accessible={true}
                      collapsable={false}
                      focusable={true}
                      onClick={[Function]}
                      onResponderGrant={[Function]}
                      onResponderMove={[Function]}
                      onResponderRelease={[Function]}
                      onResponderTerminate={[Function]}
                      onResponderTerminationRequest={[Function]}
                      onStartShouldSetResponder={[Function]}
                      style={
                        Object {
                          "opacity": 1,
                        }
                      }
                    >
                      <Text
                        allowFontScaling={false}
                        selectable={false}
                        style={
                          Array [
                            Object {
                              "color": "#E6E6E6",
                              "fontSize": 32,
                            },
                            Object {
                              "marginLeft": 8,
                            },
                            Object {
                              "fontFamily": "Material Icons",
                              "fontStyle": "normal",
                              "fontWeight": "normal",
                            },
                            Object {},
                          ]
                        }
                      >
                        
                      </Text>
                    </View>
                    <View
                      accessibilityState={
                        Object {
                          "disabled": false,
                        }
                      }
                      accessible={true}
                      collapsable={false}
                      focusable={true}
                      onClick={[Function]}
                      onResponderGrant={[Function]}
                      onResponderMove={[Function]}
                      onResponderRelease={[Function]}
                      onResponderTerminate={[Function]}
                      onResponderTerminationRequest={[Function]}
                      onStartShouldSetResponder={[Function]}
                      style={
                        Object {
                          "opacity": 1,
                        }
                      }
                    >
                      <Text
                        allowFontScaling={false}
                        selectable={false}
                        style={
                          Array [
                            Object {
                              "color": "#E6E6E6",
                              "fontSize": 32,
                            },
                            Object {
                              "marginLeft": 8,
                            },
                            Object {
                              "fontFamily": "Material Icons",
                              "fontStyle": "normal",
                              "fontWeight": "normal",
                            },
                            Object {},
                          ]
                        }
                      >
                        
                      </Text>
                    </View>
                    <View
                      accessibilityState={
                        Object {
                          "disabled": false,
                        }
                      }
                      accessible={true}
                      collapsable={false}
                      focusable={true}
                      onClick={[Function]}
                      onResponderGrant={[Function]}
                      onResponderMove={[Function]}
                      onResponderRelease={[Function]}
                      onResponderTerminate={[Function]}
                      onResponderTerminationRequest={[Function]}
                      onStartShouldSetResponder={[Function]}
                      style={
                        Object {
                          "opacity": 1,
                        }
                      }
                    >
                      <Text
                        allowFontScaling={false}
                        selectable={false}
                        style={
                          Array [
                            Object {
                              "color": "#E6E6E6",
                              "fontSize": 32,
                            },
                            Object {
                              "marginLeft": 8,
                            },
                            Object {
                              "fontFamily": "Material Icons",
                              "fontStyle": "normal",
                              "fontWeight": "normal",
                            },
                            Object {},
                          ]
                        }
                      >
                        
                      </Text>
                    </View>
                  </View>
                </View>
                <View
                  style={Object {}}
                >
                  <View
                    pointerEvents="none"
                    style={
                      Array [
                        Object {
                          "bottom": 0,
                          "left": 0,
                          "position": "absolute",
                          "right": 0,
                          "top": 6,
                        },
                        Object {
                          "backgroundColor": "#ffffff",
                          "borderColor": "#979797",
                          "borderRadius": 4,
                          "borderWidth": 1,
                        },
                      ]
                    }
                    testID="text-input-outline"
                  />
                  <View>
                    <View
                      style={
                        Array [
                          Object {
                            "paddingBottom": 0,
                          },
                          Object {
                            "minHeight": 48,
                            "paddingTop": 8,
                          },
                        ]
                      }
                    >
                      <View
                        collapsable={false}
                        pointerEvents="none"
                        style={
                          Object {
                            "bottom": 0,
                            "left": 0,
                            "opacity": 1,
                            "position": "absolute",
                            "right": 0,
                            "top": 0,
                            "transform": Array [
                              Object {
                                "translateX": 0,
                              },
                            ],
                            "zIndex": 3,
                          }
                        }
                      >
                        <View
                          collapsable={false}
                          pointerEvents="none"
                          style={
                            Object {
                              "backgroundColor": "#ffffff",
                              "bottom": 4,
                              "left": 10,
                              "maxHeight": 2,
                              "opacity": 0,
                              "position": "absolute",
                              "right": 0,
                              "top": 6,
                              "transform": Array [
                                Object {
                                  "translateX": 0,
                                },
                              ],
                              "width": 12,
                            }
                          }
                        />
                        <Text
                          collapsable={false}
                          maxFontSizeMultiplier={1.5}
                          numberOfLines={1}
                          style={
                            Object {
                              "backgroundColor": "#ffffff",
                              "color": "transparent",
                              "fontFamily": "System",
                              "fontSize": 16,
                              "fontWeight": undefined,
                              "left": 18,
                              "maxWidth": -28,
                              "opacity": 0,
                              "paddingHorizontal": 0,
                              "position": "absolute",
                              "textAlign": "left",
                              "top": 29,
                              "transform": Array [
                                Object {
                                  "translateX": 0,
                                },
                                Object {
                                  "translateY": 0,
                                },
                                Object {
                                  "scale": 1,
                                },
                                Object {
                                  "scaleY": 1,
                                },
                              ],
                              "writingDirection": "ltr",
                            }
                          }
                        >
                          Título de la reseña
                        </Text>
                        <Text
                          collapsable={false}
                          maxFontSizeMultiplier={1.5}
                          numberOfLines={1}
                          onLayout={[Function]}
                          style={
                            Object {
                              "color": "#263238",
                              "fontFamily": "System",
                              "fontSize": 16,
                              "fontWeight": undefined,
                              "left": 0,
                              "opacity": 0,
                              "paddingHorizontal": 14,
                              "position": "absolute",
                              "textAlign": "left",
                              "top": 28,
                              "transform": Array [
                                Object {
                                  "translateX": 0,
                                },
                                Object {
                                  "translateY": 0,
                                },
                                Object {
                                  "scale": 1,
                                },
                              ],
                              "writingDirection": "ltr",
                            }
                          }
                        >
                          Título de la reseña
                        </Text>
                        <Text
                          collapsable={false}
                          maxFontSizeMultiplier={1.5}
                          numberOfLines={1}
                          style={
                            Object {
                              "color": "rgba(0, 0, 0, 0.54)",
                              "fontFamily": "System",
                              "fontSize": 16,
                              "fontWeight": undefined,
                              "left": 0,
                              "opacity": 0,
                              "paddingHorizontal": 14,
                              "position": "absolute",
                              "textAlign": "left",
                              "top": 28,
                              "transform": Array [
                                Object {
                                  "translateX": 0,
                                },
                                Object {
                                  "translateY": 0,
                                },
                                Object {
                                  "scale": 1,
                                },
                              ],
                              "writingDirection": "ltr",
                            }
                          }
                        >
                          Título de la reseña
                        </Text>
                      </View>
                      <TextInput
                        accessibilityIgnoresInvertColors={true}
                        accessibilityLabel="review-title"
                        autoComplete="off"
                        editable={true}
                        keyboardType="default"
                        maxFontSizeMultiplier={1.5}
                        multiline={false}
                        nativeID="review-title"
                        onBlur={[Function]}
                        onChangeText={[Function]}
                        onFocus={[Function]}
                        placeholder=""
                        placeholderTextColor="#979797"
                        returnKeyType="next"
                        selectionColor="#979797"
                        style={
                          Array [
                            Object {
                              "flexGrow": 1,
                              "margin": 0,
                              "paddingHorizontal": 14,
                              "zIndex": 1,
                            },
                            Object {
                              "height": 40,
                            },
                            Object {
                              "paddingBottom": 0,
                              "paddingTop": 0,
                            },
                            Object {
                              "color": "#000000",
                              "fontFamily": "System",
                              "fontSize": 16,
                              "fontWeight": undefined,
                              "textAlign": "left",
                              "textAlignVertical": "center",
                            },
                            false,
                            Array [
                              Object {},
                            ],
                          ]
                        }
                        testID="review-title"
                        underlineColorAndroid="transparent"
                        value=""
                      />
                    </View>
                  </View>
                </View>
                <View
                  style={
                    Array [
                      Object {
                        "height": 8,
                      },
                    ]
                  }
                />
                <View
                  style={
                    Object {
                      "justifyContent": "flex-start",
                    }
                  }
                >
                  <View
                    pointerEvents="none"
                    style={
                      Array [
                        Object {
                          "bottom": 0,
                          "left": 0,
                          "position": "absolute",
                          "right": 0,
                          "top": 6,
                        },
                        Object {
                          "backgroundColor": "#ffffff",
                          "borderColor": "#979797",
                          "borderRadius": 4,
                          "borderWidth": 1,
                        },
                      ]
                    }
                    testID="text-input-outline"
                  />
                  <View>
                    <View
                      style={
                        Array [
                          Object {
                            "paddingBottom": 0,
                          },
                          Object {
                            "minHeight": 100,
                            "paddingTop": 8,
                          },
                        ]
                      }
                    >
                      <View
                        collapsable={false}
                        pointerEvents="none"
                        style={
                          Object {
                            "bottom": 0,
                            "left": 0,
                            "opacity": 1,
                            "position": "absolute",
                            "right": 0,
                            "top": 0,
                            "transform": Array [
                              Object {
                                "translateX": 0,
                              },
                            ],
                            "zIndex": 3,
                          }
                        }
                      >
                        <View
                          collapsable={false}
                          pointerEvents="none"
                          style={
                            Object {
                              "backgroundColor": "#ffffff",
                              "bottom": 4,
                              "left": 10,
                              "maxHeight": 2,
                              "opacity": 0,
                              "position": "absolute",
                              "right": 0,
                              "top": 6,
                              "transform": Array [
                                Object {
                                  "translateX": 0,
                                },
                              ],
                              "width": 12,
                            }
                          }
                        />
                        <Text
                          collapsable={false}
                          maxFontSizeMultiplier={1.5}
                          numberOfLines={1}
                          style={
                            Object {
                              "backgroundColor": "#ffffff",
                              "color": "transparent",
                              "fontFamily": "System",
                              "fontSize": 16,
                              "fontWeight": undefined,
                              "left": 18,
                              "maxWidth": -28,
                              "opacity": 0,
                              "paddingHorizontal": 0,
                              "position": "absolute",
                              "textAlign": "left",
                              "top": 59,
                              "transform": Array [
                                Object {
                                  "translateX": 0,
                                },
                                Object {
                                  "translateY": 0,
                                },
                                Object {
                                  "scale": 1,
                                },
                                Object {
                                  "scaleY": 1,
                                },
                              ],
                              "writingDirection": "ltr",
                            }
                          }
                        >
                          Escribe una reseña
                        </Text>
                        <Text
                          collapsable={false}
                          maxFontSizeMultiplier={1.5}
                          numberOfLines={1}
                          onLayout={[Function]}
                          style={
                            Object {
                              "color": "#263238",
                              "fontFamily": "System",
                              "fontSize": 16,
                              "fontWeight": undefined,
                              "left": 0,
                              "opacity": 0,
                              "paddingHorizontal": 14,
                              "position": "absolute",
                              "textAlign": "left",
                              "top": 58,
                              "transform": Array [
                                Object {
                                  "translateX": 0,
                                },
                                Object {
                                  "translateY": 0,
                                },
                                Object {
                                  "scale": 1,
                                },
                              ],
                              "writingDirection": "ltr",
                            }
                          }
                        >
                          Escribe una reseña
                        </Text>
                        <Text
                          collapsable={false}
                          maxFontSizeMultiplier={1.5}
                          numberOfLines={1}
                          style={
                            Object {
                              "color": "rgba(0, 0, 0, 0.54)",
                              "fontFamily": "System",
                              "fontSize": 16,
                              "fontWeight": undefined,
                              "left": 0,
                              "opacity": 0,
                              "paddingHorizontal": 14,
                              "position": "absolute",
                              "textAlign": "left",
                              "top": 58,
                              "transform": Array [
                                Object {
                                  "translateX": 0,
                                },
                                Object {
                                  "translateY": 0,
                                },
                                Object {
                                  "scale": 1,
                                },
                              ],
                              "writingDirection": "ltr",
                            }
                          }
                        >
                          Escribe una reseña
                        </Text>
                      </View>
                      <TextInput
                        accessibilityIgnoresInvertColors={true}
                        accessibilityLabel="review-comment"
                        autoComplete="off"
                        editable={true}
                        keyboardType="numbers-and-punctuation"
                        maxFontSizeMultiplier={1.5}
                        multiline={true}
                        nativeID="review-comment"
                        numberOfLines={6}
                        onBlur={[Function]}
                        onChangeText={[Function]}
                        onFocus={[Function]}
                        placeholder=""
                        placeholderTextColor="#979797"
                        selectionColor="#979797"
                        style={
                          Array [
                            Object {
                              "flexGrow": 1,
                              "margin": 0,
                              "paddingHorizontal": 14,
                              "zIndex": 1,
                            },
                            Object {
                              "height": 100,
                            },
                            Object {
                              "paddingBottom": 10,
                              "paddingTop": 10,
                            },
                            Object {
                              "color": "#000000",
                              "fontFamily": "System",
                              "fontSize": 16,
                              "fontWeight": undefined,
                              "textAlign": "left",
                              "textAlignVertical": "top",
                            },
                            false,
                            Array [
                              Object {},
                            ],
                          ]
                        }
                        testID="review-comment"
                        underlineColorAndroid="transparent"
                        value=""
                      />
                    </View>
                  </View>
                </View>
              </View>
            </View>
          </RCTScrollView>
          <View
            onLayout={[Function]}
            style={
              Object {
                "paddingBottom": 0,
              }
            }
          >
            <View
              accessibilityLabel=""
              accessibilityState={
                Object {
                  "disabled": true,
                }
              }
              accessible={true}
              collapsable={false}
              focusable={true}
              onClick={[Function]}
              onResponderGrant={[Function]}
              onResponderMove={[Function]}
              onResponderRelease={[Function]}
              onResponderTerminate={[Function]}
              onResponderTerminationRequest={[Function]}
              onStartShouldSetResponder={[Function]}
              style={
                Object {
                  "alignItems": "center",
                  "alignSelf": "center",
                  "backgroundColor": "#D3D3D3",
                  "borderRadius": 3,
                  "flexDirection": "row",
                  "justifyContent": "center",
                  "marginBottom": 7,
                  "marginHorizontal": 16,
                  "marginTop": 1,
                  "opacity": 1,
                  "overflow": "hidden",
                  "paddingVertical": 10,
                  "width": "94%",
                }
              }
              testID=""
            >
              <View
                style={
                  Object {
                    "flexDirection": "row",
                    "justifyContent": "space-between",
                  }
                }
              >
                <Text
                  style={
                    Array [
                      Object {
                        "color": "white",
                        "fontFamily": undefined,
                        "fontSize": 14,
                        "fontStyle": "normal",
                        "fontWeight": undefined,
                      },
                      Object {},
                      Object {},
                    ]
                  }
                >
                  PUBLICAR
                </Text>
              </View>
            </View>
          </View>
          <Modal
            animationType="fade"
            hardwareAccelerated={false}
            onDismiss={[Function]}
            transparent={true}
            visible={true}
          >
            <RCTSafeAreaView
              emulateUnlessSupported={true}
              style={
                Array [
                  Object {
                    "alignItems": "center",
                    "backgroundColor": "rgba(0, 0, 0, 0.5)",
                    "flex": 1,
                    "flexDirection": "row",
                    "height": 300,
                    "justifyContent": "center",
                    "padding": 16,
                    "width": "100%",
                  },
                  Object {},
                ]
              }
            >
              <View
                collapsable={false}
                style={
                  Object {
                    "backgroundColor": "white",
                    "borderRadius": 8,
                    "opacity": 0,
                    "paddingHorizontal": 24,
                    "paddingVertical": 16,
                    "transform": Array [
                      Object {
                        "scale": 0,
                      },
                    ],
                  }
                }
              >
                <Text
                  allowFontScaling={false}
                  onPress={[Function]}
                  selectable={false}
                  style={
                    Array [
                      Object {
                        "color": "#00CF14",
                        "fontSize": 72,
                      },
                      Object {
                        "alignSelf": "center",
                        "paddingBottom": 24,
                      },
                      Object {
                        "fontFamily": "Material Icons",
                        "fontStyle": "normal",
                        "fontWeight": "normal",
                      },
                      Object {},
                    ]
                  }
                >
                  
                </Text>
                <Text
                  onPress={[Function]}
                  style={
                    Array [
                      Object {
                        "fontFamily": "Roboto-Medium",
                        "fontSize": 20,
                        "fontWeight": "500",
                        "letterSpacing": 0.15,
                        "lineHeight": 28,
                        "textAlign": "center",
                      },
                      Object {
                        "paddingBottom": 16,
                      },
                      Object {},
                    ]
                  }
                >
                  La reseña ha sido
añadida con éxito
                </Text>
                <Text
                  style={
                    Array [
                      Object {
                        "color": "#000000",
                        "fontFamily": "Roboto-Regular",
                        "fontSize": 16,
                        "fontStyle": "normal",
                        "fontWeight": "400",
                        "letterSpacing": 0.44,
                        "lineHeight": 24,
                      },
                      Object {
                        "textAlign": "center",
                      },
                    ]
                  }
                >
                  Podrás verla en las reseñas del producto
                </Text>
              </View>
            </RCTSafeAreaView>
          </Modal>
        </RCTSafeAreaView>
      </View>
    </RNSScreen>
  </RNSScreenStack>
</RNCSafeAreaProvider>
`;
