// Jest Snapshot v1, https://goo.gl/fbAQLP

exports[`ComponentColors renders correctly in Snapshot ComponentColors 1`] = `
<RNCSafeAreaProvider
  onInsetsChange={[Function]}
  style={
    Array [
      Object {
        "flex": 1,
      },
      undefined,
    ]
  }
>
  <RNSScreenStack
    style={
      Object {
        "flex": 1,
      }
    }
  >
    <RNSScreen
      collapsable={false}
      forwardedRef={[Function]}
      gestureResponseDistance={
        Object {
          "bottom": -1,
          "end": -1,
          "start": -1,
          "top": -1,
        }
      }
      onAppear={[Function]}
      onDisappear={[Function]}
      onDismissed={[Function]}
      onTransitionProgress={[Function]}
      onWillDisappear={[Function]}
      replaceAnimation="push"
      stackPresentation="push"
      style={
        Object {
          "bottom": 0,
          "left": 0,
          "position": "absolute",
          "right": 0,
          "top": 0,
        }
      }
      swipeDirection="horizontal"
    >
      <RNSScreenStackHeaderConfig
        backButtonInCustomView={false}
        backgroundColor="rgb(255, 255, 255)"
        color="rgb(0, 122, 255)"
        direction="ltr"
        disableBackButtonMenu={false}
        hidden={false}
        hideBackButton={false}
        hideShadow={true}
        largeTitleHideShadow={false}
        title="default"
        titleColor="rgb(28, 28, 30)"
        topInsetEnabled={false}
        translucent={false}
      />
      <View
        style={
          Array [
            Object {
              "flex": 1,
            },
            Object {
              "backgroundColor": "rgb(242, 242, 242)",
            },
            Object {
              "backgroundColor": "#ffffff",
            },
          ]
        }
      >
        <View
          style={Object {}}
        >
          <RCTScrollView
            data={
              Array [
                "https://imagestg.deprati.com.ec/sys-master/images/h27/h78/8868765237278/14919116_color.jpg",
                "https://imagestg.deprati.com.ec/sys-master/images/h01/hd4/8890904576030/15291416_color.jpg",
                "https://imagestg.deprati.com.ec/sys-master/images/h8d/h69/8821513977886/14856309_color.jpg",
                "https://imagestg.deprati.com.ec/sys-master/images/h31/hb9/8868769923102/14919122_color.jpg",
                "https://imagestg.deprati.com.ec/sys-master/images/h44/h7f/8891489550366/15366487_color.jpg",
              ]
            }
            getItem={[Function]}
            getItemCount={[Function]}
            horizontal={true}
            keyExtractor={[Function]}
            onContentSizeChange={[Function]}
            onLayout={[Function]}
            onMomentumScrollBegin={[Function]}
            onMomentumScrollEnd={[Function]}
            onScroll={[Function]}
            onScrollBeginDrag={[Function]}
            onScrollEndDrag={[Function]}
            removeClippedSubviews={false}
            renderItem={[Function]}
            scrollEventThrottle={50}
            showsHorizontalScrollIndicator={false}
            stickyHeaderIndices={Array []}
            style={
              Object {
                "flexDirection": "row",
                "width": "95%",
              }
            }
            viewabilityConfigCallbackPairs={Array []}
          >
            <View>
              <View
                onLayout={[Function]}
                style={
                  Array [
                    Object {
                      "flexDirection": "row",
                    },
                    null,
                  ]
                }
              >
                <View
                  style={
                    Array [
                      Object {
                        "paddingVertical": 5,
                      },
                      Object {},
                    ]
                  }
                >
                  <View
                    style={
                      Array [
                        Object {
                          "borderColor": "#ffffff",
                          "borderRadius": 20,
                          "borderWidth": 3,
                          "elevation": 4,
                          "height": 20,
                          "marginRight": 10,
                          "shadowColor": "#000",
                          "shadowOffset": Object {
                            "height": 1,
                            "width": 0,
                          },
                          "shadowOpacity": 0.2,
                          "shadowRadius": 1.41,
                          "width": 20,
                        },
                        Object {
                          "height": 20,
                          "width": 20,
                        },
                        Object {},
                      ]
                    }
                  >
                    <View
                      accessibilityState={
                        Object {
                          "disabled": true,
                        }
                      }
                      accessible={true}
                      collapsable={false}
                      focusable={true}
                      onClick={[Function]}
                      onResponderGrant={[Function]}
                      onResponderMove={[Function]}
                      onResponderRelease={[Function]}
                      onResponderTerminate={[Function]}
                      onResponderTerminationRequest={[Function]}
                      onStartShouldSetResponder={[Function]}
                      style={
                        Object {
                          "opacity": 1,
                        }
                      }
                    >
                      <View
                        accessibilityIgnoresInvertColors={true}
                        style={
                          Object {
                            "height": "100%",
                            "width": "100%",
                          }
                        }
                      >
                        <Image
                          source={
                            Object {
                              "uri": "https://imagestg.deprati.com.ec/sys-master/images/h27/h78/8868765237278/14919116_color.jpg",
                            }
                          }
                          style={
                            Array [
                              Object {
                                "bottom": 0,
                                "left": 0,
                                "position": "absolute",
                                "right": 0,
                                "top": 0,
                              },
                              Object {
                                "height": "100%",
                                "width": "100%",
                              },
                              Object {
                                "borderRadius": 20,
                              },
                            ]
                          }
                        />
                      </View>
                    </View>
                  </View>
                </View>
              </View>
              <View
                onLayout={[Function]}
                style={
                  Array [
                    Object {
                      "flexDirection": "row",
                    },
                    null,
                  ]
                }
              >
                <View
                  style={
                    Array [
                      Object {
                        "paddingVertical": 5,
                      },
                      Object {},
                    ]
                  }
                >
                  <View
                    style={
                      Array [
                        Object {
                          "borderColor": "#ffffff",
                          "borderRadius": 20,
                          "borderWidth": 3,
                          "elevation": 4,
                          "height": 20,
                          "marginRight": 10,
                          "shadowColor": "#000",
                          "shadowOffset": Object {
                            "height": 1,
                            "width": 0,
                          },
                          "shadowOpacity": 0.2,
                          "shadowRadius": 1.41,
                          "width": 20,
                        },
                        Object {
                          "height": 20,
                          "width": 20,
                        },
                        Object {},
                      ]
                    }
                  >
                    <View
                      accessibilityState={
                        Object {
                          "disabled": true,
                        }
                      }
                      accessible={true}
                      collapsable={false}
                      focusable={true}
                      onClick={[Function]}
                      onResponderGrant={[Function]}
                      onResponderMove={[Function]}
                      onResponderRelease={[Function]}
                      onResponderTerminate={[Function]}
                      onResponderTerminationRequest={[Function]}
                      onStartShouldSetResponder={[Function]}
                      style={
                        Object {
                          "opacity": 1,
                        }
                      }
                    >
                      <View
                        accessibilityIgnoresInvertColors={true}
                        style={
                          Object {
                            "height": "100%",
                            "width": "100%",
                          }
                        }
                      >
                        <Image
                          source={
                            Object {
                              "uri": "https://imagestg.deprati.com.ec/sys-master/images/h01/hd4/8890904576030/15291416_color.jpg",
                            }
                          }
                          style={
                            Array [
                              Object {
                                "bottom": 0,
                                "left": 0,
                                "position": "absolute",
                                "right": 0,
                                "top": 0,
                              },
                              Object {
                                "height": "100%",
                                "width": "100%",
                              },
                              Object {
                                "borderRadius": 20,
                              },
                            ]
                          }
                        />
                      </View>
                    </View>
                  </View>
                </View>
              </View>
              <View
                onLayout={[Function]}
                style={
                  Array [
                    Object {
                      "flexDirection": "row",
                    },
                    null,
                  ]
                }
              >
                <View
                  style={
                    Array [
                      Object {
                        "paddingVertical": 5,
                      },
                      Object {},
                    ]
                  }
                >
                  <View
                    style={
                      Array [
                        Object {
                          "borderColor": "#ffffff",
                          "borderRadius": 20,
                          "borderWidth": 3,
                          "elevation": 4,
                          "height": 20,
                          "marginRight": 10,
                          "shadowColor": "#000",
                          "shadowOffset": Object {
                            "height": 1,
                            "width": 0,
                          },
                          "shadowOpacity": 0.2,
                          "shadowRadius": 1.41,
                          "width": 20,
                        },
                        Object {
                          "height": 20,
                          "width": 20,
                        },
                        Object {},
                      ]
                    }
                  >
                    <View
                      accessibilityState={
                        Object {
                          "disabled": true,
                        }
                      }
                      accessible={true}
                      collapsable={false}
                      focusable={true}
                      onClick={[Function]}
                      onResponderGrant={[Function]}
                      onResponderMove={[Function]}
                      onResponderRelease={[Function]}
                      onResponderTerminate={[Function]}
                      onResponderTerminationRequest={[Function]}
                      onStartShouldSetResponder={[Function]}
                      style={
                        Object {
                          "opacity": 1,
                        }
                      }
                    >
                      <View
                        accessibilityIgnoresInvertColors={true}
                        style={
                          Object {
                            "height": "100%",
                            "width": "100%",
                          }
                        }
                      >
                        <Image
                          source={
                            Object {
                              "uri": "https://imagestg.deprati.com.ec/sys-master/images/h8d/h69/8821513977886/14856309_color.jpg",
                            }
                          }
                          style={
                            Array [
                              Object {
                                "bottom": 0,
                                "left": 0,
                                "position": "absolute",
                                "right": 0,
                                "top": 0,
                              },
                              Object {
                                "height": "100%",
                                "width": "100%",
                              },
                              Object {
                                "borderRadius": 20,
                              },
                            ]
                          }
                        />
                      </View>
                    </View>
                  </View>
                </View>
              </View>
              <View
                onLayout={[Function]}
                style={
                  Array [
                    Object {
                      "flexDirection": "row",
                    },
                    null,
                  ]
                }
              >
                <View
                  style={
                    Array [
                      Object {
                        "paddingVertical": 5,
                      },
                      Object {},
                    ]
                  }
                >
                  <View
                    style={
                      Array [
                        Object {
                          "borderColor": "#ffffff",
                          "borderRadius": 20,
                          "borderWidth": 3,
                          "elevation": 4,
                          "height": 20,
                          "marginRight": 10,
                          "shadowColor": "#000",
                          "shadowOffset": Object {
                            "height": 1,
                            "width": 0,
                          },
                          "shadowOpacity": 0.2,
                          "shadowRadius": 1.41,
                          "width": 20,
                        },
                        Object {
                          "height": 20,
                          "width": 20,
                        },
                        Object {},
                      ]
                    }
                  >
                    <View
                      accessibilityState={
                        Object {
                          "disabled": true,
                        }
                      }
                      accessible={true}
                      collapsable={false}
                      focusable={true}
                      onClick={[Function]}
                      onResponderGrant={[Function]}
                      onResponderMove={[Function]}
                      onResponderRelease={[Function]}
                      onResponderTerminate={[Function]}
                      onResponderTerminationRequest={[Function]}
                      onStartShouldSetResponder={[Function]}
                      style={
                        Object {
                          "opacity": 1,
                        }
                      }
                    >
                      <View
                        accessibilityIgnoresInvertColors={true}
                        style={
                          Object {
                            "height": "100%",
                            "width": "100%",
                          }
                        }
                      >
                        <Image
                          source={
                            Object {
                              "uri": "https://imagestg.deprati.com.ec/sys-master/images/h31/hb9/8868769923102/14919122_color.jpg",
                            }
                          }
                          style={
                            Array [
                              Object {
                                "bottom": 0,
                                "left": 0,
                                "position": "absolute",
                                "right": 0,
                                "top": 0,
                              },
                              Object {
                                "height": "100%",
                                "width": "100%",
                              },
                              Object {
                                "borderRadius": 20,
                              },
                            ]
                          }
                        />
                      </View>
                    </View>
                  </View>
                </View>
              </View>
              <View
                onLayout={[Function]}
                style={
                  Array [
                    Object {
                      "flexDirection": "row",
                    },
                    null,
                  ]
                }
              >
                <View
                  style={
                    Array [
                      Object {
                        "paddingVertical": 5,
                      },
                      Object {},
                    ]
                  }
                >
                  <View
                    style={
                      Array [
                        Object {
                          "borderColor": "#ffffff",
                          "borderRadius": 20,
                          "borderWidth": 3,
                          "elevation": 4,
                          "height": 20,
                          "marginRight": 10,
                          "shadowColor": "#000",
                          "shadowOffset": Object {
                            "height": 1,
                            "width": 0,
                          },
                          "shadowOpacity": 0.2,
                          "shadowRadius": 1.41,
                          "width": 20,
                        },
                        Object {
                          "height": 20,
                          "width": 20,
                        },
                        Object {},
                      ]
                    }
                  >
                    <View
                      accessibilityState={
                        Object {
                          "disabled": true,
                        }
                      }
                      accessible={true}
                      collapsable={false}
                      focusable={true}
                      onClick={[Function]}
                      onResponderGrant={[Function]}
                      onResponderMove={[Function]}
                      onResponderRelease={[Function]}
                      onResponderTerminate={[Function]}
                      onResponderTerminationRequest={[Function]}
                      onStartShouldSetResponder={[Function]}
                      style={
                        Object {
                          "opacity": 1,
                        }
                      }
                    >
                      <View
                        accessibilityIgnoresInvertColors={true}
                        style={
                          Object {
                            "height": "100%",
                            "width": "100%",
                          }
                        }
                      >
                        <Image
                          source={
                            Object {
                              "uri": "https://imagestg.deprati.com.ec/sys-master/images/h44/h7f/8891489550366/15366487_color.jpg",
                            }
                          }
                          style={
                            Array [
                              Object {
                                "bottom": 0,
                                "left": 0,
                                "position": "absolute",
                                "right": 0,
                                "top": 0,
                              },
                              Object {
                                "height": "100%",
                                "width": "100%",
                              },
                              Object {
                                "borderRadius": 20,
                              },
                            ]
                          }
                        />
                      </View>
                    </View>
                  </View>
                </View>
              </View>
            </View>
          </RCTScrollView>
        </View>
      </View>
    </RNSScreen>
  </RNSScreenStack>
</RNCSafeAreaProvider>
`;
